C:\Users\pedro\AppData\Local\Python\pythoncore-3.14-64\Lib\site-packages\langchain_core\_api\deprecation.py:26: UserWarning: Core Pydantic V1 functionality isn't compatible with Python 3.14 or greater.
  from pydantic.v1.fields import FieldInfo as FieldInfoV1
Função IA_Vendas não configurada para validação de filtros
================================================================================
TESTE: Fix de filtro para 'NÃO embarcados sem BL'
================================================================================

Query: 'Quantos contratos não foram embarcados e não têm BL?'
Período: janeiro de 2026

[DEBUG] user_query: 'Quantos contratos não foram embarcados e não têm BL?'
[DEBUG] user_query_original: 'Quantos contratos não foram embarcados e não têm BL?'

================================================================================
EXECUTANDO TOOL...
================================================================================

Resultado salvo em: resultado_fix_nao_embarcados_bl.txt
Tamanho: 56282 caracteres

================================================================================
VERIFICAÇÃO DO FIX:
================================================================================

[X] Filtro de 'não embarcados' NÃO foi aplicado
[OK] Filtro de 'embarcados' NÃO foi aplicado (correto)

[INFO] Não encontrou 'RESPOSTA DIRETA' - contando manualmente...
[INFO] Encontrados 38 contratos no resultado
     [ERRO] Quantidade INCORRETA! (esperado: 15, obtido: 38)

     Primeiros 5 contratos:
        1. 080/25B
        2. 027/25 
        3. 089/25 
        4. 081/25A
        5. 081/25B

================================================================================
ANÁLISE DO LOG:
================================================================================

  Total de registros retornados pelo SQL: 103

================================================================================
RESULTADO FINAL:
================================================================================

[ERRO] FIX NÃO FUNCIONOU!
  Verifique o arquivo resultado_fix_nao_embarcados_bl.txt
